[INFO] Scanning for projects...
[INFO] 
[INFO] --------------------< com.example:quiropracticoAPI >--------------------
[INFO] Building quiropracticoAPI 0.0.1-SNAPSHOT
[INFO]   from pom.xml
[INFO] --------------------------------[ jar ]---------------------------------
[INFO] 
[INFO] --- clean:3.3.2:clean (default-clean) @ quiropracticoAPI ---
[INFO] Deleting C:\Users\adria\Desktop\aplicacionQuiropractico\quiropracticoAPI\target
[INFO] 
[INFO] --- resources:3.3.1:resources (default-resources) @ quiropracticoAPI ---
[INFO] Copying 2 resources from src\main\resources to target\classes
[INFO] ------------------------------------------------------------------------
[INFO] BUILD FAILURE
[INFO] ------------------------------------------------------------------------
[INFO] Total time:  0.783 s
[INFO] Finished at: 2026-03-11T17:37:19+01:00
[INFO] ------------------------------------------------------------------------
[ERROR] Failed to execute goal org.apache.maven.plugins:maven-resources-plugin:3.3.1:resources (default-resources) on project quiropracticoAPI: filtering C:\Users\adria\Desktop\aplicacionQuiropractico\quiropracticoAPI\src\main\resources\application-dev.properties to C:\Users\adria\Desktop\aplicacionQuiropractico\quiropracticoAPI\target\classes\application-dev.properties failed with MalformedInputException: Input length = 1 -> [Help 1]
[ERROR] 
[ERROR] To see the full stack trace of the errors, re-run Maven with the -e switch.
[ERROR] Re-run Maven using the -X switch to enable full debug logging.
[ERROR] 
[ERROR] For more information about the errors and possible solutions, please read the following articles:
[ERROR] [Help 1] http://cwiki.apache.org/confluence/display/MAVEN/MojoExecutionException
